[
{'callset_id': '0cf77c7b-542a-4c8b-b2a1-09718c393d2a', 'data_download_time': 0.10668087005615234, 'runtime_s3_key_used': 'ce6fc6-pywren.runtime/pywren_runtime-3.6-default.tar.gz.0009', 'aws_request_id': '091523f6-920d-11e7-a30f-6dde058401f6', 'log_stream_name': '2017/09/05/[$LATEST]e1e95461ea704795b39b602eb3856f6c', 'stdout': '', 'exec_time': 2.0818300247192383, 'start_time': 1504597035.034687, 'func_key': 'pywren.jobs/0cf77c7b-542a-4c8b-b2a1-09718c393d2a/func.json', 'setup_time': 12.667610883712769, 'runtime_cached': False, 'runtime_s3_bucket_used': 'ericmjonas-public', 'exception': None, 'host_submit_time': 1504597034.218695, 'server_info': {'uname': 'Linux ip-10-16-168-40 4.4.51-40.69.amzn1.x86_64 #1 SMP Sat Aug 12 01:12:36 UTC 2017 x86_64 x86_64 x86_64 GNU/Linux\n', '/proc/self/cgroup': 'MemTotal:        3857664 kB\nMemFree:         1631108 kB\nMemAvailable:    3477432 kB\nBuffers:           36728 kB\nCached:          1873640 kB\nSwapCached:            0 kB\nActive:           333076 kB\nInactive:        1717440 kB\nActive(anon):     140220 kB\nInactive(anon):      112 kB\nActive(file):     192856 kB\nInactive(file):  1717328 kB\nUnevictable:           0 kB\nMlocked:               0 kB\nSwapTotal:             0 kB\nSwapFree:              0 kB\nDirty:            185560 kB\nWriteback:         26168 kB\nAnonPages:        140208 kB\nMapped:            29448 kB\nShmem:               124 kB\nSlab:             129028 kB\nSReclaimable:      97524 kB\nSUnreclaim:        31504 kB\nKernelStack:        2384 kB\nPageTables:         3256 kB\nNFS_Unstable:          0 kB\nBounce:                0 kB\nWritebackTmp:          0 kB\nCommitLimit:     1928832 kB\nCommitted_AS:     563212 kB\nVmallocTotal:   34359738367 kB\nVmallocUsed:           0 kB\nVmallocChunk:          0 kB\nAnonHugePages:         0 kB\nHugePages_Total:       0\nHugePages_Free:        0\nHugePages_Rsvd:        0\nHugePages_Surp:        0\nHugepagesize:       2048 kB\nDirectMap4k:       26624 kB\nDirectMap2M:     1808384 kB\nDirectMap1G:     2097152 kB\n', '/proc/cgroups': '#subsys_name\thierarchy\tnum_cgroups\tenabled\ncpuset\t4\t1\t1\ncpu\t2\t4\t1\ncpuacct\t3\t10\t1\nblkio\t1\t1\t1\nmemory\t8\t19\t1\ndevices\t5\t1\t1\nfreezer\t6\t3\t1\nnet_cls\t0\t1\t1\nperf_event\t9\t1\t1\nnet_prio\t0\t1\t1\nhugetlb\t7\t1\t1\npids\t0\t1\t1\n', '/proc/cpuinfo': 'processor\t: 0\nvendor_id\t: GenuineIntel\ncpu family\t: 6\nmodel\t\t: 63\nmodel name\t: Intel(R) Xeon(R) CPU E5-2666 v3 @ 2.90GHz\nstepping\t: 2\nmicrocode\t: 0x36\ncpu MHz\t\t: 2900.110\ncache size\t: 25600 KB\nphysical id\t: 0\nsiblings\t: 2\ncore id\t\t: 0\ncpu cores\t: 1\napicid\t\t: 0\ninitial apicid\t: 0\nfpu\t\t: yes\nfpu_exception\t: yes\ncpuid level\t: 13\nwp\t\t: yes\nflags\t\t: fpu vme de pse tsc msr pae mce cx8 apic sep mtrr pge mca cmov pat pse36 clflush mmx fxsr sse sse2 ht syscall nx pdpe1gb rdtscp lm constant_tsc rep_good nopl xtopology eagerfpu pni pclmulqdq ssse3 fma cx16 pcid sse4_1 sse4_2 x2apic movbe popcnt tsc_deadline_timer aes xsave avx f16c rdrand hypervisor lahf_lm abm fsgsbase bmi1 avx2 smep bmi2 erms invpcid xsaveopt\nbugs\t\t:\nbogomips\t: 5800.22\nclflush size\t: 64\ncache_alignment\t: 64\naddress sizes\t: 46 bits physical, 48 bits virtual\npower management:\n\nprocessor\t: 1\nvendor_id\t: GenuineIntel\ncpu family\t: 6\nmodel\t\t: 63\nmodel name\t: Intel(R) Xeon(R) CPU E5-2666 v3 @ 2.90GHz\nstepping\t: 2\nmicrocode\t: 0x36\ncpu MHz\t\t: 2900.110\ncache size\t: 25600 KB\nphysical id\t: 0\nsiblings\t: 2\ncore id\t\t: 0\ncpu cores\t: 1\napicid\t\t: 1\ninitial apicid\t: 1\nfpu\t\t: yes\nfpu_exception\t: yes\ncpuid level\t: 13\nwp\t\t: yes\nflags\t\t: fpu vme de pse tsc msr pae mce cx8 apic sep mtrr pge mca cmov pat pse36 clflush mmx fxsr sse sse2 ht syscall nx pdpe1gb rdtscp lm constant_tsc rep_good nopl xtopology eagerfpu pni pclmulqdq ssse3 fma cx16 pcid sse4_1 sse4_2 x2apic movbe popcnt tsc_deadline_timer aes xsave avx f16c rdrand hypervisor lahf_lm abm fsgsbase bmi1 avx2 smep bmi2 erms invpcid xsaveopt\nbugs\t\t:\nbogomips\t: 5800.22\nclflush size\t: 64\ncache_alignment\t: 64\naddress sizes\t: 46 bits physical, 48 bits virtual\npower management:\n\n', '/proc/meminfo': 'MemTotal:        3857664 kB\nMemFree:         1631108 kB\nMemAvailable:    3477432 kB\nBuffers:           36728 kB\nCached:          1873640 kB\nSwapCached:            0 kB\nActive:           333076 kB\nInactive:        1717440 kB\nActive(anon):     140220 kB\nInactive(anon):      112 kB\nActive(file):     192856 kB\nInactive(file):  1717328 kB\nUnevictable:           0 kB\nMlocked:               0 kB\nSwapTotal:             0 kB\nSwapFree:              0 kB\nDirty:            185560 kB\nWriteback:         26168 kB\nAnonPages:        140208 kB\nMapped:            29448 kB\nShmem:               124 kB\nSlab:             129028 kB\nSReclaimable:      97524 kB\nSUnreclaim:        31504 kB\nKernelStack:        2384 kB\nPageTables:         3256 kB\nNFS_Unstable:          0 kB\nBounce:                0 kB\nWritebackTmp:          0 kB\nCommitLimit:     1928832 kB\nCommitted_AS:     563212 kB\nVmallocTotal:   34359738367 kB\nVmallocUsed:           0 kB\nVmallocChunk:          0 kB\nAnonHugePages:         0 kB\nHugePages_Total:       0\nHugePages_Free:        0\nHugePages_Rsvd:        0\nHugePages_Surp:        0\nHugepagesize:       2048 kB\nDirectMap4k:       26624 kB\nDirectMap2M:     1808384 kB\nDirectMap1G:     2097152 kB\n'}, 'call_id': '00000', 'status_key': 'pywren.jobs/0cf77c7b-542a-4c8b-b2a1-09718c393d2a/00000/status.json', 'func_download_time': 0.0998239517211914, 'output_key': 'pywren.jobs/0cf77c7b-542a-4c8b-b2a1-09718c393d2a/00000/output.pickle', 'log_group_name': '/aws/lambda/pywren_1', 'data_key': 'pywren.jobs/0cf77c7b-542a-4c8b-b2a1-09718c393d2a/aggdata.pickle', 'end_time': 1504597049.784113}, 
{'callset_id': '0cf77c7b-542a-4c8b-b2a1-09718c393d2a', 'data_download_time': 0.09791398048400879, 'runtime_s3_key_used': '87950c-pywren.runtime/pywren_runtime-3.6-default.tar.gz.0029', 'aws_request_id': '0912dae0-920d-11e7-becc-37d8ec19bd73', 'log_stream_name': '2017/09/05/[$LATEST]f6b9c758ec664ace9e2845b6ddc6332c', 'stdout': '', 'exec_time': 6.284440040588379, 'start_time': 1504597034.924768, 'func_key': 'pywren.jobs/0cf77c7b-542a-4c8b-b2a1-09718c393d2a/func.json', 'setup_time': 11.25575304031372, 'runtime_cached': False, 'runtime_s3_bucket_used': 'ericmjonas-public', 'exception': None, 'host_submit_time': 1504597034.223727, 'server_info': {'uname': 'Linux ip-10-19-115-59 4.4.51-40.69.amzn1.x86_64 #1 SMP Sat Aug 12 01:12:36 UTC 2017 x86_64 x86_64 x86_64 GNU/Linux\n', '/proc/self/cgroup': 'MemTotal:        3857664 kB\nMemFree:         2490424 kB\nMemAvailable:    3555720 kB\nBuffers:           28504 kB\nCached:          1118588 kB\nSwapCached:            0 kB\nActive:           257060 kB\nInactive:         972572 kB\nActive(anon):      82516 kB\nInactive(anon):      100 kB\nActive(file):     174544 kB\nInactive(file):   972472 kB\nUnevictable:           0 kB\nMlocked:               0 kB\nSwapTotal:             0 kB\nSwapFree:              0 kB\nDirty:             64952 kB\nWriteback:             0 kB\nAnonPages:         82508 kB\nMapped:            28884 kB\nShmem:               108 kB\nSlab:              92876 kB\nSReclaimable:      61804 kB\nSUnreclaim:        31072 kB\nKernelStack:        2096 kB\nPageTables:         2724 kB\nNFS_Unstable:          0 kB\nBounce:                0 kB\nWritebackTmp:          0 kB\nCommitLimit:     1928832 kB\nCommitted_AS:     367796 kB\nVmallocTotal:   34359738367 kB\nVmallocUsed:           0 kB\nVmallocChunk:          0 kB\nAnonHugePages:         0 kB\nHugePages_Total:       0\nHugePages_Free:        0\nHugePages_Rsvd:        0\nHugePages_Surp:        0\nHugepagesize:       2048 kB\nDirectMap4k:       28672 kB\nDirectMap2M:     1806336 kB\nDirectMap1G:     2097152 kB\n', '/proc/cgroups': '#subsys_name\thierarchy\tnum_cgroups\tenabled\ncpuset\t4\t1\t1\ncpu\t2\t3\t1\ncpuacct\t3\t9\t1\nblkio\t1\t1\t1\nmemory\t8\t17\t1\ndevices\t5\t1\t1\nfreezer\t6\t2\t1\nnet_cls\t0\t1\t1\nperf_event\t9\t1\t1\nnet_prio\t0\t1\t1\nhugetlb\t7\t1\t1\npids\t0\t1\t1\n', '/proc/cpuinfo': 'processor\t: 0\nvendor_id\t: GenuineIntel\ncpu family\t: 6\nmodel\t\t: 63\nmodel name\t: Intel(R) Xeon(R) CPU E5-2666 v3 @ 2.90GHz\nstepping\t: 2\nmicrocode\t: 0x25\ncpu MHz\t\t: 2893.338\ncache size\t: 25600 KB\nphysical id\t: 0\nsiblings\t: 2\ncore id\t\t: 0\ncpu cores\t: 1\napicid\t\t: 0\ninitial apicid\t: 0\nfpu\t\t: yes\nfpu_exception\t: yes\ncpuid level\t: 13\nwp\t\t: yes\nflags\t\t: fpu vme de pse tsc msr pae mce cx8 apic sep mtrr pge mca cmov pat pse36 clflush mmx fxsr sse sse2 ht syscall nx pdpe1gb rdtscp lm constant_tsc rep_good nopl xtopology eagerfpu pni pclmulqdq ssse3 fma cx16 pcid sse4_1 sse4_2 x2apic movbe popcnt tsc_deadline_timer aes xsave avx f16c rdrand hypervisor lahf_lm abm fsgsbase bmi1 avx2 smep bmi2 erms invpcid xsaveopt\nbugs\t\t:\nbogomips\t: 5786.67\nclflush size\t: 64\ncache_alignment\t: 64\naddress sizes\t: 46 bits physical, 48 bits virtual\npower management:\n\nprocessor\t: 1\nvendor_id\t: GenuineIntel\ncpu family\t: 6\nmodel\t\t: 63\nmodel name\t: Intel(R) Xeon(R) CPU E5-2666 v3 @ 2.90GHz\nstepping\t: 2\nmicrocode\t: 0x25\ncpu MHz\t\t: 2893.338\ncache size\t: 25600 KB\nphysical id\t: 0\nsiblings\t: 2\ncore id\t\t: 0\ncpu cores\t: 1\napicid\t\t: 1\ninitial apicid\t: 1\nfpu\t\t: yes\nfpu_exception\t: yes\ncpuid level\t: 13\nwp\t\t: yes\nflags\t\t: fpu vme de pse tsc msr pae mce cx8 apic sep mtrr pge mca cmov pat pse36 clflush mmx fxsr sse sse2 ht syscall nx pdpe1gb rdtscp lm constant_tsc rep_good nopl xtopology eagerfpu pni pclmulqdq ssse3 fma cx16 pcid sse4_1 sse4_2 x2apic movbe popcnt tsc_deadline_timer aes xsave avx f16c rdrand hypervisor lahf_lm abm fsgsbase bmi1 avx2 smep bmi2 erms invpcid xsaveopt\nbugs\t\t:\nbogomips\t: 5786.67\nclflush size\t: 64\ncache_alignment\t: 64\naddress sizes\t: 46 bits physical, 48 bits virtual\npower management:\n\n', '/proc/meminfo': 'MemTotal:        3857664 kB\nMemFree:         2490424 kB\nMemAvailable:    3555720 kB\nBuffers:           28504 kB\nCached:          1118588 kB\nSwapCached:            0 kB\nActive:           257060 kB\nInactive:         972572 kB\nActive(anon):      82516 kB\nInactive(anon):      100 kB\nActive(file):     174544 kB\nInactive(file):   972472 kB\nUnevictable:           0 kB\nMlocked:               0 kB\nSwapTotal:             0 kB\nSwapFree:              0 kB\nDirty:             64952 kB\nWriteback:             0 kB\nAnonPages:         82508 kB\nMapped:            28884 kB\nShmem:               108 kB\nSlab:              92876 kB\nSReclaimable:      61804 kB\nSUnreclaim:        31072 kB\nKernelStack:        2096 kB\nPageTables:         2724 kB\nNFS_Unstable:          0 kB\nBounce:                0 kB\nWritebackTmp:          0 kB\nCommitLimit:     1928832 kB\nCommitted_AS:     367796 kB\nVmallocTotal:   34359738367 kB\nVmallocUsed:           0 kB\nVmallocChunk:          0 kB\nAnonHugePages:         0 kB\nHugePages_Total:       0\nHugePages_Free:        0\nHugePages_Rsvd:        0\nHugePages_Surp:        0\nHugepagesize:       2048 kB\nDirectMap4k:       28672 kB\nDirectMap2M:     1806336 kB\nDirectMap1G:     2097152 kB\n'}, 'call_id': '00001', 'status_key': 'pywren.jobs/0cf77c7b-542a-4c8b-b2a1-09718c393d2a/00001/status.json', 'func_download_time': 0.09164094924926758, 'output_key': 'pywren.jobs/0cf77c7b-542a-4c8b-b2a1-09718c393d2a/00001/output.pickle', 'log_group_name': '/aws/lambda/pywren_1', 'data_key': 'pywren.jobs/0cf77c7b-542a-4c8b-b2a1-09718c393d2a/aggdata.pickle', 'end_time': 1504597052.464955}, 
{'callset_id': '0cf77c7b-542a-4c8b-b2a1-09718c393d2a', 'data_download_time': 0.1086118221282959, 'runtime_s3_key_used': '2871dc-pywren.runtime/pywren_runtime-3.6-default.tar.gz.0023', 'aws_request_id': '0916d200-920d-11e7-85d7-0f13ceae1973', 'log_stream_name': '2017/09/05/[$LATEST]918212941fad437aac15c024cafa0f89', 'stdout': '', 'exec_time': 12.089732885360718, 'start_time': 1504597035.034933, 'func_key': 'pywren.jobs/0cf77c7b-542a-4c8b-b2a1-09718c393d2a/func.json', 'setup_time': 15.934762001037598, 'runtime_cached': False, 'runtime_s3_bucket_used': 'ericmjonas-public', 'exception': None, 'host_submit_time': 1504597034.220334, 'server_info': {'uname': 'Linux ip-10-16-168-40 4.4.51-40.69.amzn1.x86_64 #1 SMP Sat Aug 12 01:12:36 UTC 2017 x86_64 x86_64 x86_64 GNU/Linux\n', '/proc/self/cgroup': 'MemTotal:        3857664 kB\nMemFree:         1424216 kB\nMemAvailable:    3481100 kB\nBuffers:           37140 kB\nCached:          2080236 kB\nSwapCached:            0 kB\nActive:           351136 kB\nInactive:        1900916 kB\nActive(anon):     134644 kB\nInactive(anon):      112 kB\nActive(file):     216492 kB\nInactive(file):  1900804 kB\nUnevictable:           0 kB\nMlocked:               0 kB\nSwapTotal:             0 kB\nSwapFree:              0 kB\nDirty:             37252 kB\nWriteback:             0 kB\nAnonPages:        134664 kB\nMapped:            29448 kB\nShmem:               124 kB\nSlab:             135708 kB\nSReclaimable:     104424 kB\nSUnreclaim:        31284 kB\nKernelStack:        2400 kB\nPageTables:         3268 kB\nNFS_Unstable:          0 kB\nBounce:                0 kB\nWritebackTmp:          0 kB\nCommitLimit:     1928832 kB\nCommitted_AS:     579180 kB\nVmallocTotal:   34359738367 kB\nVmallocUsed:           0 kB\nVmallocChunk:          0 kB\nAnonHugePages:         0 kB\nHugePages_Total:       0\nHugePages_Free:        0\nHugePages_Rsvd:        0\nHugePages_Surp:        0\nHugepagesize:       2048 kB\nDirectMap4k:       26624 kB\nDirectMap2M:     1808384 kB\nDirectMap1G:     2097152 kB\n', '/proc/cgroups': '#subsys_name\thierarchy\tnum_cgroups\tenabled\ncpuset\t4\t1\t1\ncpu\t2\t4\t1\ncpuacct\t3\t10\t1\nblkio\t1\t1\t1\nmemory\t8\t19\t1\ndevices\t5\t1\t1\nfreezer\t6\t3\t1\nnet_cls\t0\t1\t1\nperf_event\t9\t1\t1\nnet_prio\t0\t1\t1\nhugetlb\t7\t1\t1\npids\t0\t1\t1\n', '/proc/cpuinfo': 'processor\t: 0\nvendor_id\t: GenuineIntel\ncpu family\t: 6\nmodel\t\t: 63\nmodel name\t: Intel(R) Xeon(R) CPU E5-2666 v3 @ 2.90GHz\nstepping\t: 2\nmicrocode\t: 0x36\ncpu MHz\t\t: 2900.110\ncache size\t: 25600 KB\nphysical id\t: 0\nsiblings\t: 2\ncore id\t\t: 0\ncpu cores\t: 1\napicid\t\t: 0\ninitial apicid\t: 0\nfpu\t\t: yes\nfpu_exception\t: yes\ncpuid level\t: 13\nwp\t\t: yes\nflags\t\t: fpu vme de pse tsc msr pae mce cx8 apic sep mtrr pge mca cmov pat pse36 clflush mmx fxsr sse sse2 ht syscall nx pdpe1gb rdtscp lm constant_tsc rep_good nopl xtopology eagerfpu pni pclmulqdq ssse3 fma cx16 pcid sse4_1 sse4_2 x2apic movbe popcnt tsc_deadline_timer aes xsave avx f16c rdrand hypervisor lahf_lm abm fsgsbase bmi1 avx2 smep bmi2 erms invpcid xsaveopt\nbugs\t\t:\nbogomips\t: 5800.22\nclflush size\t: 64\ncache_alignment\t: 64\naddress sizes\t: 46 bits physical, 48 bits virtual\npower management:\n\nprocessor\t: 1\nvendor_id\t: GenuineIntel\ncpu family\t: 6\nmodel\t\t: 63\nmodel name\t: Intel(R) Xeon(R) CPU E5-2666 v3 @ 2.90GHz\nstepping\t: 2\nmicrocode\t: 0x36\ncpu MHz\t\t: 2900.110\ncache size\t: 25600 KB\nphysical id\t: 0\nsiblings\t: 2\ncore id\t\t: 0\ncpu cores\t: 1\napicid\t\t: 1\ninitial apicid\t: 1\nfpu\t\t: yes\nfpu_exception\t: yes\ncpuid level\t: 13\nwp\t\t: yes\nflags\t\t: fpu vme de pse tsc msr pae mce cx8 apic sep mtrr pge mca cmov pat pse36 clflush mmx fxsr sse sse2 ht syscall nx pdpe1gb rdtscp lm constant_tsc rep_good nopl xtopology eagerfpu pni pclmulqdq ssse3 fma cx16 pcid sse4_1 sse4_2 x2apic movbe popcnt tsc_deadline_timer aes xsave avx f16c rdrand hypervisor lahf_lm abm fsgsbase bmi1 avx2 smep bmi2 erms invpcid xsaveopt\nbugs\t\t:\nbogomips\t: 5800.22\nclflush size\t: 64\ncache_alignment\t: 64\naddress sizes\t: 46 bits physical, 48 bits virtual\npower management:\n\n', '/proc/meminfo': 'MemTotal:        3857664 kB\nMemFree:         1424216 kB\nMemAvailable:    3481100 kB\nBuffers:           37140 kB\nCached:          2080236 kB\nSwapCached:            0 kB\nActive:           351136 kB\nInactive:        1900916 kB\nActive(anon):     134644 kB\nInactive(anon):      112 kB\nActive(file):     216492 kB\nInactive(file):  1900804 kB\nUnevictable:           0 kB\nMlocked:               0 kB\nSwapTotal:             0 kB\nSwapFree:              0 kB\nDirty:             37252 kB\nWriteback:             0 kB\nAnonPages:        134664 kB\nMapped:            29448 kB\nShmem:               124 kB\nSlab:             135708 kB\nSReclaimable:     104424 kB\nSUnreclaim:        31284 kB\nKernelStack:        2400 kB\nPageTables:         3268 kB\nNFS_Unstable:          0 kB\nBounce:                0 kB\nWritebackTmp:          0 kB\nCommitLimit:     1928832 kB\nCommitted_AS:     579180 kB\nVmallocTotal:   34359738367 kB\nVmallocUsed:           0 kB\nVmallocChunk:          0 kB\nAnonHugePages:         0 kB\nHugePages_Total:       0\nHugePages_Free:        0\nHugePages_Rsvd:        0\nHugePages_Surp:        0\nHugepagesize:       2048 kB\nDirectMap4k:       26624 kB\nDirectMap2M:     1808384 kB\nDirectMap1G:     2097152 kB\n'}, 'call_id': '00002', 'status_key': 'pywren.jobs/0cf77c7b-542a-4c8b-b2a1-09718c393d2a/00002/status.json', 'func_download_time': 0.09891700744628906, 'output_key': 'pywren.jobs/0cf77c7b-542a-4c8b-b2a1-09718c393d2a/00002/output.pickle', 'log_group_name': '/aws/lambda/pywren_1', 'data_key': 'pywren.jobs/0cf77c7b-542a-4c8b-b2a1-09718c393d2a/aggdata.pickle', 'end_time': 1504597063.059419}, 
{'callset_id': '0cf77c7b-542a-4c8b-b2a1-09718c393d2a', 'data_download_time': 0.2945578098297119, 'runtime_s3_key_used': '2ced10-pywren.runtime/pywren_runtime-3.6-default.tar.gz.0042', 'aws_request_id': '09123db7-920d-11e7-be16-bfb41c2ea739', 'log_stream_name': '2017/09/05/[$LATEST]25657b6906424703a99722096ff3d5d8', 'stdout': '', 'exec_time': 16.130787134170532, 'start_time': 1504597035.055843, 'func_key': 'pywren.jobs/0cf77c7b-542a-4c8b-b2a1-09718c393d2a/func.json', 'setup_time': 13.816446781158447, 'runtime_cached': False, 'runtime_s3_bucket_used': 'ericmjonas-public', 'exception': None, 'host_submit_time': 1504597034.221886, 'server_info': {'uname': 'Linux ip-10-21-197-209 4.4.51-40.69.amzn1.x86_64 #1 SMP Sat Aug 12 01:12:36 UTC 2017 x86_64 x86_64 x86_64 GNU/Linux\n', '/proc/self/cgroup': 'MemTotal:        3857664 kB\nMemFree:         1370348 kB\nMemAvailable:    3451648 kB\nBuffers:           36936 kB\nCached:          2104564 kB\nSwapCached:            0 kB\nActive:           367816 kB\nInactive:        1936936 kB\nActive(anon):     163220 kB\nInactive(anon):      112 kB\nActive(file):     204596 kB\nInactive(file):  1936824 kB\nUnevictable:           0 kB\nMlocked:               0 kB\nSwapTotal:             0 kB\nSwapFree:              0 kB\nDirty:             13000 kB\nWriteback:             0 kB\nAnonPages:        163208 kB\nMapped:            42948 kB\nShmem:               124 kB\nSlab:             136428 kB\nSReclaimable:     105004 kB\nSUnreclaim:        31424 kB\nKernelStack:        2384 kB\nPageTables:         3616 kB\nNFS_Unstable:          0 kB\nBounce:                0 kB\nWritebackTmp:          0 kB\nCommitLimit:     1928832 kB\nCommitted_AS:     585376 kB\nVmallocTotal:   34359738367 kB\nVmallocUsed:           0 kB\nVmallocChunk:          0 kB\nAnonHugePages:         0 kB\nHugePages_Total:       0\nHugePages_Free:        0\nHugePages_Rsvd:        0\nHugePages_Surp:        0\nHugepagesize:       2048 kB\nDirectMap4k:       32768 kB\nDirectMap2M:     1802240 kB\nDirectMap1G:     2097152 kB\n', '/proc/cgroups': '#subsys_name\thierarchy\tnum_cgroups\tenabled\ncpuset\t4\t1\t1\ncpu\t2\t4\t1\ncpuacct\t3\t10\t1\nblkio\t1\t1\t1\nmemory\t8\t19\t1\ndevices\t5\t1\t1\nfreezer\t6\t3\t1\nnet_cls\t0\t1\t1\nperf_event\t9\t1\t1\nnet_prio\t0\t1\t1\nhugetlb\t7\t1\t1\npids\t0\t1\t1\n', '/proc/cpuinfo': 'processor\t: 0\nvendor_id\t: GenuineIntel\ncpu family\t: 6\nmodel\t\t: 63\nmodel name\t: Intel(R) Xeon(R) CPU E5-2666 v3 @ 2.90GHz\nstepping\t: 2\nmicrocode\t: 0x36\ncpu MHz\t\t: 2900.054\ncache size\t: 25600 KB\nphysical id\t: 0\nsiblings\t: 2\ncore id\t\t: 0\ncpu cores\t: 1\napicid\t\t: 0\ninitial apicid\t: 0\nfpu\t\t: yes\nfpu_exception\t: yes\ncpuid level\t: 13\nwp\t\t: yes\nflags\t\t: fpu vme de pse tsc msr pae mce cx8 apic sep mtrr pge mca cmov pat pse36 clflush mmx fxsr sse sse2 ht syscall nx pdpe1gb rdtscp lm constant_tsc rep_good nopl xtopology eagerfpu pni pclmulqdq ssse3 fma cx16 pcid sse4_1 sse4_2 x2apic movbe popcnt tsc_deadline_timer aes xsave avx f16c rdrand hypervisor lahf_lm abm fsgsbase bmi1 avx2 smep bmi2 erms invpcid xsaveopt\nbugs\t\t:\nbogomips\t: 5800.10\nclflush size\t: 64\ncache_alignment\t: 64\naddress sizes\t: 46 bits physical, 48 bits virtual\npower management:\n\nprocessor\t: 1\nvendor_id\t: GenuineIntel\ncpu family\t: 6\nmodel\t\t: 63\nmodel name\t: Intel(R) Xeon(R) CPU E5-2666 v3 @ 2.90GHz\nstepping\t: 2\nmicrocode\t: 0x36\ncpu MHz\t\t: 2900.054\ncache size\t: 25600 KB\nphysical id\t: 0\nsiblings\t: 2\ncore id\t\t: 0\ncpu cores\t: 1\napicid\t\t: 1\ninitial apicid\t: 1\nfpu\t\t: yes\nfpu_exception\t: yes\ncpuid level\t: 13\nwp\t\t: yes\nflags\t\t: fpu vme de pse tsc msr pae mce cx8 apic sep mtrr pge mca cmov pat pse36 clflush mmx fxsr sse sse2 ht syscall nx pdpe1gb rdtscp lm constant_tsc rep_good nopl xtopology eagerfpu pni pclmulqdq ssse3 fma cx16 pcid sse4_1 sse4_2 x2apic movbe popcnt tsc_deadline_timer aes xsave avx f16c rdrand hypervisor lahf_lm abm fsgsbase bmi1 avx2 smep bmi2 erms invpcid xsaveopt\nbugs\t\t:\nbogomips\t: 5800.10\nclflush size\t: 64\ncache_alignment\t: 64\naddress sizes\t: 46 bits physical, 48 bits virtual\npower management:\n\n', '/proc/meminfo': 'MemTotal:        3857664 kB\nMemFree:         1370348 kB\nMemAvailable:    3451648 kB\nBuffers:           36936 kB\nCached:          2104564 kB\nSwapCached:            0 kB\nActive:           367816 kB\nInactive:        1936936 kB\nActive(anon):     163220 kB\nInactive(anon):      112 kB\nActive(file):     204596 kB\nInactive(file):  1936824 kB\nUnevictable:           0 kB\nMlocked:               0 kB\nSwapTotal:             0 kB\nSwapFree:              0 kB\nDirty:             13000 kB\nWriteback:             0 kB\nAnonPages:        163208 kB\nMapped:            42948 kB\nShmem:               124 kB\nSlab:             136428 kB\nSReclaimable:     105004 kB\nSUnreclaim:        31424 kB\nKernelStack:        2384 kB\nPageTables:         3616 kB\nNFS_Unstable:          0 kB\nBounce:                0 kB\nWritebackTmp:          0 kB\nCommitLimit:     1928832 kB\nCommitted_AS:     585376 kB\nVmallocTotal:   34359738367 kB\nVmallocUsed:           0 kB\nVmallocChunk:          0 kB\nAnonHugePages:         0 kB\nHugePages_Total:       0\nHugePages_Free:        0\nHugePages_Rsvd:        0\nHugePages_Surp:        0\nHugepagesize:       2048 kB\nDirectMap4k:       32768 kB\nDirectMap2M:     1802240 kB\nDirectMap1G:     2097152 kB\n'}, 'call_id': '00003', 'status_key': 'pywren.jobs/0cf77c7b-542a-4c8b-b2a1-09718c393d2a/00003/status.json', 'func_download_time': 0.28039979934692383, 'output_key': 'pywren.jobs/0cf77c7b-542a-4c8b-b2a1-09718c393d2a/00003/output.pickle', 'log_group_name': '/aws/lambda/pywren_1', 'data_key': 'pywren.jobs/0cf77c7b-542a-4c8b-b2a1-09718c393d2a/aggdata.pickle', 'end_time': 1504597065.003072}, 
{'callset_id': '0cf77c7b-542a-4c8b-b2a1-09718c393d2a', 'data_download_time': 0.1302330493927002, 'runtime_s3_key_used': 'eb5937-pywren.runtime/pywren_runtime-3.6-default.tar.gz.0025', 'aws_request_id': '091635d2-920d-11e7-8e17-17e11b7bfdf2', 'log_stream_name': '2017/09/05/[$LATEST]1bb185dd6f0a4a549e17a74b3c0f737f', 'stdout': '', 'exec_time': 26.18397617340088, 'start_time': 1504597035.055289, 'func_key': 'pywren.jobs/0cf77c7b-542a-4c8b-b2a1-09718c393d2a/func.json', 'setup_time': 12.970584869384766, 'runtime_cached': False, 'runtime_s3_bucket_used': 'ericmjonas-public', 'exception': None, 'host_submit_time': 1504597034.222825, 'server_info': {'uname': 'Linux ip-10-21-197-209 4.4.51-40.69.amzn1.x86_64 #1 SMP Sat Aug 12 01:12:36 UTC 2017 x86_64 x86_64 x86_64 GNU/Linux\n', '/proc/self/cgroup': 'MemTotal:        3857664 kB\nMemFree:         1391172 kB\nMemAvailable:    3480324 kB\nBuffers:           36976 kB\nCached:          2112276 kB\nSwapCached:            0 kB\nActive:           352640 kB\nInactive:        1931644 kB\nActive(anon):     135000 kB\nInactive(anon):      112 kB\nActive(file):     217640 kB\nInactive(file):  1931532 kB\nUnevictable:           0 kB\nMlocked:               0 kB\nSwapTotal:             0 kB\nSwapFree:              0 kB\nDirty:             13028 kB\nWriteback:             0 kB\nAnonPages:        134988 kB\nMapped:            29776 kB\nShmem:               124 kB\nSlab:             136600 kB\nSReclaimable:     105204 kB\nSUnreclaim:        31396 kB\nKernelStack:        2304 kB\nPageTables:         3264 kB\nNFS_Unstable:          0 kB\nBounce:                0 kB\nWritebackTmp:          0 kB\nCommitLimit:     1928832 kB\nCommitted_AS:     562764 kB\nVmallocTotal:   34359738367 kB\nVmallocUsed:           0 kB\nVmallocChunk:          0 kB\nAnonHugePages:         0 kB\nHugePages_Total:       0\nHugePages_Free:        0\nHugePages_Rsvd:        0\nHugePages_Surp:        0\nHugepagesize:       2048 kB\nDirectMap4k:       32768 kB\nDirectMap2M:     1802240 kB\nDirectMap1G:     2097152 kB\n', '/proc/cgroups': '#subsys_name\thierarchy\tnum_cgroups\tenabled\ncpuset\t4\t1\t1\ncpu\t2\t4\t1\ncpuacct\t3\t10\t1\nblkio\t1\t1\t1\nmemory\t8\t19\t1\ndevices\t5\t1\t1\nfreezer\t6\t3\t1\nnet_cls\t0\t1\t1\nperf_event\t9\t1\t1\nnet_prio\t0\t1\t1\nhugetlb\t7\t1\t1\npids\t0\t1\t1\n', '/proc/cpuinfo': 'processor\t: 0\nvendor_id\t: GenuineIntel\ncpu family\t: 6\nmodel\t\t: 63\nmodel name\t: Intel(R) Xeon(R) CPU E5-2666 v3 @ 2.90GHz\nstepping\t: 2\nmicrocode\t: 0x36\ncpu MHz\t\t: 2900.054\ncache size\t: 25600 KB\nphysical id\t: 0\nsiblings\t: 2\ncore id\t\t: 0\ncpu cores\t: 1\napicid\t\t: 0\ninitial apicid\t: 0\nfpu\t\t: yes\nfpu_exception\t: yes\ncpuid level\t: 13\nwp\t\t: yes\nflags\t\t: fpu vme de pse tsc msr pae mce cx8 apic sep mtrr pge mca cmov pat pse36 clflush mmx fxsr sse sse2 ht syscall nx pdpe1gb rdtscp lm constant_tsc rep_good nopl xtopology eagerfpu pni pclmulqdq ssse3 fma cx16 pcid sse4_1 sse4_2 x2apic movbe popcnt tsc_deadline_timer aes xsave avx f16c rdrand hypervisor lahf_lm abm fsgsbase bmi1 avx2 smep bmi2 erms invpcid xsaveopt\nbugs\t\t:\nbogomips\t: 5800.10\nclflush size\t: 64\ncache_alignment\t: 64\naddress sizes\t: 46 bits physical, 48 bits virtual\npower management:\n\nprocessor\t: 1\nvendor_id\t: GenuineIntel\ncpu family\t: 6\nmodel\t\t: 63\nmodel name\t: Intel(R) Xeon(R) CPU E5-2666 v3 @ 2.90GHz\nstepping\t: 2\nmicrocode\t: 0x36\ncpu MHz\t\t: 2900.054\ncache size\t: 25600 KB\nphysical id\t: 0\nsiblings\t: 2\ncore id\t\t: 0\ncpu cores\t: 1\napicid\t\t: 1\ninitial apicid\t: 1\nfpu\t\t: yes\nfpu_exception\t: yes\ncpuid level\t: 13\nwp\t\t: yes\nflags\t\t: fpu vme de pse tsc msr pae mce cx8 apic sep mtrr pge mca cmov pat pse36 clflush mmx fxsr sse sse2 ht syscall nx pdpe1gb rdtscp lm constant_tsc rep_good nopl xtopology eagerfpu pni pclmulqdq ssse3 fma cx16 pcid sse4_1 sse4_2 x2apic movbe popcnt tsc_deadline_timer aes xsave avx f16c rdrand hypervisor lahf_lm abm fsgsbase bmi1 avx2 smep bmi2 erms invpcid xsaveopt\nbugs\t\t:\nbogomips\t: 5800.10\nclflush size\t: 64\ncache_alignment\t: 64\naddress sizes\t: 46 bits physical, 48 bits virtual\npower management:\n\n', '/proc/meminfo': 'MemTotal:        3857664 kB\nMemFree:         1391172 kB\nMemAvailable:    3480324 kB\nBuffers:           36976 kB\nCached:          2112276 kB\nSwapCached:            0 kB\nActive:           352640 kB\nInactive:        1931644 kB\nActive(anon):     135000 kB\nInactive(anon):      112 kB\nActive(file):     217640 kB\nInactive(file):  1931532 kB\nUnevictable:           0 kB\nMlocked:               0 kB\nSwapTotal:             0 kB\nSwapFree:              0 kB\nDirty:             13028 kB\nWriteback:             0 kB\nAnonPages:        134988 kB\nMapped:            29776 kB\nShmem:               124 kB\nSlab:             136600 kB\nSReclaimable:     105204 kB\nSUnreclaim:        31396 kB\nKernelStack:        2304 kB\nPageTables:         3264 kB\nNFS_Unstable:          0 kB\nBounce:                0 kB\nWritebackTmp:          0 kB\nCommitLimit:     1928832 kB\nCommitted_AS:     562764 kB\nVmallocTotal:   34359738367 kB\nVmallocUsed:           0 kB\nVmallocChunk:          0 kB\nAnonHugePages:         0 kB\nHugePages_Total:       0\nHugePages_Free:        0\nHugePages_Rsvd:        0\nHugePages_Surp:        0\nHugepagesize:       2048 kB\nDirectMap4k:       32768 kB\nDirectMap2M:     1802240 kB\nDirectMap1G:     2097152 kB\n'}, 'call_id': '00004', 'status_key': 'pywren.jobs/0cf77c7b-542a-4c8b-b2a1-09718c393d2a/00004/status.json', 'func_download_time': 0.12325501441955566, 'output_key': 'pywren.jobs/0cf77c7b-542a-4c8b-b2a1-09718c393d2a/00004/output.pickle', 'log_group_name': '/aws/lambda/pywren_1', 'data_key': 'pywren.jobs/0cf77c7b-542a-4c8b-b2a1-09718c393d2a/aggdata.pickle', 'end_time': 1504597074.209841}, 
{'callset_id': '187883e5-ab0c-4a0f-a505-470d3261a148', 'data_download_time': 0.09732794761657715, 'runtime_s3_key_used': 'eb5937-pywren.runtime/pywren_runtime-3.6-default.tar.gz.0025', 'aws_request_id': '24c7987c-920d-11e7-9ad3-cba403cc14d6', 'log_stream_name': '2017/09/05/[$LATEST]e1e95461ea704795b39b602eb3856f6c', 'stdout': '', 'exec_time': 2.084552049636841, 'start_time': 1504597080.825865, 'func_key': 'pywren.jobs/187883e5-ab0c-4a0f-a505-470d3261a148/func.json', 'setup_time': 0.13054990768432617, 'runtime_cached': True, 'runtime_s3_bucket_used': 'ericmjonas-public', 'exception': None, 'host_submit_time': 1504597080.494986, 'server_info': {'uname': 'Linux ip-10-16-168-40 4.4.51-40.69.amzn1.x86_64 #1 SMP Sat Aug 12 01:12:36 UTC 2017 x86_64 x86_64 x86_64 GNU/Linux\n', '/proc/self/cgroup': 'MemTotal:        3857664 kB\nMemFree:         1375844 kB\nMemAvailable:    3453120 kB\nBuffers:           37276 kB\nCached:          2100212 kB\nSwapCached:            0 kB\nActive:           388072 kB\nInactive:        1911176 kB\nActive(anon):     161760 kB\nInactive(anon):      112 kB\nActive(file):     226312 kB\nInactive(file):  1911064 kB\nUnevictable:           0 kB\nMlocked:               0 kB\nSwapTotal:             0 kB\nSwapFree:              0 kB\nDirty:             38308 kB\nWriteback:             0 kB\nAnonPages:        161748 kB\nMapped:            42852 kB\nShmem:               124 kB\nSlab:             136384 kB\nSReclaimable:     105044 kB\nSUnreclaim:        31340 kB\nKernelStack:        2384 kB\nPageTables:         3608 kB\nNFS_Unstable:          0 kB\nBounce:                0 kB\nWritebackTmp:          0 kB\nCommitLimit:     1928832 kB\nCommitted_AS:     607900 kB\nVmallocTotal:   34359738367 kB\nVmallocUsed:           0 kB\nVmallocChunk:          0 kB\nAnonHugePages:         0 kB\nHugePages_Total:       0\nHugePages_Free:        0\nHugePages_Rsvd:        0\nHugePages_Surp:        0\nHugepagesize:       2048 kB\nDirectMap4k:       26624 kB\nDirectMap2M:     1808384 kB\nDirectMap1G:     2097152 kB\n', '/proc/cgroups': '#subsys_name\thierarchy\tnum_cgroups\tenabled\ncpuset\t4\t1\t1\ncpu\t2\t4\t1\ncpuacct\t3\t10\t1\nblkio\t1\t1\t1\nmemory\t8\t19\t1\ndevices\t5\t1\t1\nfreezer\t6\t3\t1\nnet_cls\t0\t1\t1\nperf_event\t9\t1\t1\nnet_prio\t0\t1\t1\nhugetlb\t7\t1\t1\npids\t0\t1\t1\n', '/proc/cpuinfo': 'processor\t: 0\nvendor_id\t: GenuineIntel\ncpu family\t: 6\nmodel\t\t: 63\nmodel name\t: Intel(R) Xeon(R) CPU E5-2666 v3 @ 2.90GHz\nstepping\t: 2\nmicrocode\t: 0x36\ncpu MHz\t\t: 2900.110\ncache size\t: 25600 KB\nphysical id\t: 0\nsiblings\t: 2\ncore id\t\t: 0\ncpu cores\t: 1\napicid\t\t: 0\ninitial apicid\t: 0\nfpu\t\t: yes\nfpu_exception\t: yes\ncpuid level\t: 13\nwp\t\t: yes\nflags\t\t: fpu vme de pse tsc msr pae mce cx8 apic sep mtrr pge mca cmov pat pse36 clflush mmx fxsr sse sse2 ht syscall nx pdpe1gb rdtscp lm constant_tsc rep_good nopl xtopology eagerfpu pni pclmulqdq ssse3 fma cx16 pcid sse4_1 sse4_2 x2apic movbe popcnt tsc_deadline_timer aes xsave avx f16c rdrand hypervisor lahf_lm abm fsgsbase bmi1 avx2 smep bmi2 erms invpcid xsaveopt\nbugs\t\t:\nbogomips\t: 5800.22\nclflush size\t: 64\ncache_alignment\t: 64\naddress sizes\t: 46 bits physical, 48 bits virtual\npower management:\n\nprocessor\t: 1\nvendor_id\t: GenuineIntel\ncpu family\t: 6\nmodel\t\t: 63\nmodel name\t: Intel(R) Xeon(R) CPU E5-2666 v3 @ 2.90GHz\nstepping\t: 2\nmicrocode\t: 0x36\ncpu MHz\t\t: 2900.110\ncache size\t: 25600 KB\nphysical id\t: 0\nsiblings\t: 2\ncore id\t\t: 0\ncpu cores\t: 1\napicid\t\t: 1\ninitial apicid\t: 1\nfpu\t\t: yes\nfpu_exception\t: yes\ncpuid level\t: 13\nwp\t\t: yes\nflags\t\t: fpu vme de pse tsc msr pae mce cx8 apic sep mtrr pge mca cmov pat pse36 clflush mmx fxsr sse sse2 ht syscall nx pdpe1gb rdtscp lm constant_tsc rep_good nopl xtopology eagerfpu pni pclmulqdq ssse3 fma cx16 pcid sse4_1 sse4_2 x2apic movbe popcnt tsc_deadline_timer aes xsave avx f16c rdrand hypervisor lahf_lm abm fsgsbase bmi1 avx2 smep bmi2 erms invpcid xsaveopt\nbugs\t\t:\nbogomips\t: 5800.22\nclflush size\t: 64\ncache_alignment\t: 64\naddress sizes\t: 46 bits physical, 48 bits virtual\npower management:\n\n', '/proc/meminfo': 'MemTotal:        3857664 kB\nMemFree:         1375844 kB\nMemAvailable:    3453120 kB\nBuffers:           37276 kB\nCached:          2100212 kB\nSwapCached:            0 kB\nActive:           388072 kB\nInactive:        1911176 kB\nActive(anon):     161760 kB\nInactive(anon):      112 kB\nActive(file):     226312 kB\nInactive(file):  1911064 kB\nUnevictable:           0 kB\nMlocked:               0 kB\nSwapTotal:             0 kB\nSwapFree:              0 kB\nDirty:             38308 kB\nWriteback:             0 kB\nAnonPages:        161748 kB\nMapped:            42852 kB\nShmem:               124 kB\nSlab:             136384 kB\nSReclaimable:     105044 kB\nSUnreclaim:        31340 kB\nKernelStack:        2384 kB\nPageTables:         3608 kB\nNFS_Unstable:          0 kB\nBounce:                0 kB\nWritebackTmp:          0 kB\nCommitLimit:     1928832 kB\nCommitted_AS:     607900 kB\nVmallocTotal:   34359738367 kB\nVmallocUsed:           0 kB\nVmallocChunk:          0 kB\nAnonHugePages:         0 kB\nHugePages_Total:       0\nHugePages_Free:        0\nHugePages_Rsvd:        0\nHugePages_Surp:        0\nHugepagesize:       2048 kB\nDirectMap4k:       26624 kB\nDirectMap2M:     1808384 kB\nDirectMap1G:     2097152 kB\n'}, 'call_id': '00000', 'status_key': 'pywren.jobs/187883e5-ab0c-4a0f-a505-470d3261a148/00000/status.json', 'func_download_time': 0.08961796760559082, 'output_key': 'pywren.jobs/187883e5-ab0c-4a0f-a505-470d3261a148/00000/output.pickle', 'log_group_name': '/aws/lambda/pywren_1', 'data_key': 'pywren.jobs/187883e5-ab0c-4a0f-a505-470d3261a148/aggdata.pickle', 'end_time': 1504597083.040958}, 
{'callset_id': '187883e5-ab0c-4a0f-a505-470d3261a148', 'data_download_time': 0.13341784477233887, 'runtime_s3_key_used': '5cbefb-pywren.runtime/pywren_runtime-3.6-default.tar.gz.0037', 'aws_request_id': '24c5281f-920d-11e7-95e8-c7f495e79576', 'log_stream_name': '2017/09/05/[$LATEST]f6b9c758ec664ace9e2845b6ddc6332c', 'stdout': '', 'exec_time': 6.1263427734375, 'start_time': 1504597080.821232, 'func_key': 'pywren.jobs/187883e5-ab0c-4a0f-a505-470d3261a148/func.json', 'setup_time': 0.16371703147888184, 'runtime_cached': True, 'runtime_s3_bucket_used': 'ericmjonas-public', 'exception': None, 'host_submit_time': 1504597080.49408, 'server_info': {'uname': 'Linux ip-10-19-115-59 4.4.51-40.69.amzn1.x86_64 #1 SMP Sat Aug 12 01:12:36 UTC 2017 x86_64 x86_64 x86_64 GNU/Linux\n', '/proc/self/cgroup': 'MemTotal:        3857664 kB\nMemFree:         2422388 kB\nMemAvailable:    3553944 kB\nBuffers:           28664 kB\nCached:          1183744 kB\nSwapCached:            0 kB\nActive:           263236 kB\nInactive:        1032572 kB\nActive(anon):      83368 kB\nInactive(anon):      100 kB\nActive(file):     179868 kB\nInactive(file):  1032472 kB\nUnevictable:           0 kB\nMlocked:               0 kB\nSwapTotal:             0 kB\nSwapFree:              0 kB\nDirty:              1040 kB\nWriteback:             0 kB\nAnonPages:         83360 kB\nMapped:            28884 kB\nShmem:               108 kB\nSlab:              94668 kB\nSReclaimable:      63676 kB\nSUnreclaim:        30992 kB\nKernelStack:        2064 kB\nPageTables:         2732 kB\nNFS_Unstable:          0 kB\nBounce:                0 kB\nWritebackTmp:          0 kB\nCommitLimit:     1928832 kB\nCommitted_AS:     362740 kB\nVmallocTotal:   34359738367 kB\nVmallocUsed:           0 kB\nVmallocChunk:          0 kB\nAnonHugePages:         0 kB\nHugePages_Total:       0\nHugePages_Free:        0\nHugePages_Rsvd:        0\nHugePages_Surp:        0\nHugepagesize:       2048 kB\nDirectMap4k:       28672 kB\nDirectMap2M:     1806336 kB\nDirectMap1G:     2097152 kB\n', '/proc/cgroups': '#subsys_name\thierarchy\tnum_cgroups\tenabled\ncpuset\t4\t1\t1\ncpu\t2\t3\t1\ncpuacct\t3\t9\t1\nblkio\t1\t1\t1\nmemory\t8\t17\t1\ndevices\t5\t1\t1\nfreezer\t6\t2\t1\nnet_cls\t0\t1\t1\nperf_event\t9\t1\t1\nnet_prio\t0\t1\t1\nhugetlb\t7\t1\t1\npids\t0\t1\t1\n', '/proc/cpuinfo': 'processor\t: 0\nvendor_id\t: GenuineIntel\ncpu family\t: 6\nmodel\t\t: 63\nmodel name\t: Intel(R) Xeon(R) CPU E5-2666 v3 @ 2.90GHz\nstepping\t: 2\nmicrocode\t: 0x25\ncpu MHz\t\t: 2893.338\ncache size\t: 25600 KB\nphysical id\t: 0\nsiblings\t: 2\ncore id\t\t: 0\ncpu cores\t: 1\napicid\t\t: 0\ninitial apicid\t: 0\nfpu\t\t: yes\nfpu_exception\t: yes\ncpuid level\t: 13\nwp\t\t: yes\nflags\t\t: fpu vme de pse tsc msr pae mce cx8 apic sep mtrr pge mca cmov pat pse36 clflush mmx fxsr sse sse2 ht syscall nx pdpe1gb rdtscp lm constant_tsc rep_good nopl xtopology eagerfpu pni pclmulqdq ssse3 fma cx16 pcid sse4_1 sse4_2 x2apic movbe popcnt tsc_deadline_timer aes xsave avx f16c rdrand hypervisor lahf_lm abm fsgsbase bmi1 avx2 smep bmi2 erms invpcid xsaveopt\nbugs\t\t:\nbogomips\t: 5786.67\nclflush size\t: 64\ncache_alignment\t: 64\naddress sizes\t: 46 bits physical, 48 bits virtual\npower management:\n\nprocessor\t: 1\nvendor_id\t: GenuineIntel\ncpu family\t: 6\nmodel\t\t: 63\nmodel name\t: Intel(R) Xeon(R) CPU E5-2666 v3 @ 2.90GHz\nstepping\t: 2\nmicrocode\t: 0x25\ncpu MHz\t\t: 2893.338\ncache size\t: 25600 KB\nphysical id\t: 0\nsiblings\t: 2\ncore id\t\t: 0\ncpu cores\t: 1\napicid\t\t: 1\ninitial apicid\t: 1\nfpu\t\t: yes\nfpu_exception\t: yes\ncpuid level\t: 13\nwp\t\t: yes\nflags\t\t: fpu vme de pse tsc msr pae mce cx8 apic sep mtrr pge mca cmov pat pse36 clflush mmx fxsr sse sse2 ht syscall nx pdpe1gb rdtscp lm constant_tsc rep_good nopl xtopology eagerfpu pni pclmulqdq ssse3 fma cx16 pcid sse4_1 sse4_2 x2apic movbe popcnt tsc_deadline_timer aes xsave avx f16c rdrand hypervisor lahf_lm abm fsgsbase bmi1 avx2 smep bmi2 erms invpcid xsaveopt\nbugs\t\t:\nbogomips\t: 5786.67\nclflush size\t: 64\ncache_alignment\t: 64\naddress sizes\t: 46 bits physical, 48 bits virtual\npower management:\n\n', '/proc/meminfo': 'MemTotal:        3857664 kB\nMemFree:         2422388 kB\nMemAvailable:    3553944 kB\nBuffers:           28664 kB\nCached:          1183744 kB\nSwapCached:            0 kB\nActive:           263236 kB\nInactive:        1032572 kB\nActive(anon):      83368 kB\nInactive(anon):      100 kB\nActive(file):     179868 kB\nInactive(file):  1032472 kB\nUnevictable:           0 kB\nMlocked:               0 kB\nSwapTotal:             0 kB\nSwapFree:              0 kB\nDirty:              1040 kB\nWriteback:             0 kB\nAnonPages:         83360 kB\nMapped:            28884 kB\nShmem:               108 kB\nSlab:              94668 kB\nSReclaimable:      63676 kB\nSUnreclaim:        30992 kB\nKernelStack:        2064 kB\nPageTables:         2732 kB\nNFS_Unstable:          0 kB\nBounce:                0 kB\nWritebackTmp:          0 kB\nCommitLimit:     1928832 kB\nCommitted_AS:     362740 kB\nVmallocTotal:   34359738367 kB\nVmallocUsed:           0 kB\nVmallocChunk:          0 kB\nAnonHugePages:         0 kB\nHugePages_Total:       0\nHugePages_Free:        0\nHugePages_Rsvd:        0\nHugePages_Surp:        0\nHugepagesize:       2048 kB\nDirectMap4k:       28672 kB\nDirectMap2M:     1806336 kB\nDirectMap1G:     2097152 kB\n'}, 'call_id': '00001', 'status_key': 'pywren.jobs/187883e5-ab0c-4a0f-a505-470d3261a148/00001/status.json', 'func_download_time': 0.12631487846374512, 'output_key': 'pywren.jobs/187883e5-ab0c-4a0f-a505-470d3261a148/00001/output.pickle', 'log_group_name': '/aws/lambda/pywren_1', 'data_key': 'pywren.jobs/187883e5-ab0c-4a0f-a505-470d3261a148/aggdata.pickle', 'end_time': 1504597087.111286}, 
{'callset_id': '187883e5-ab0c-4a0f-a505-470d3261a148', 'data_download_time': 0.10128593444824219, 'runtime_s3_key_used': 'b5dfc3-pywren.runtime/pywren_runtime-3.6-default.tar.gz.0000', 'aws_request_id': '24bd1163-920d-11e7-9975-dd29fe485fe0', 'log_stream_name': '2017/09/05/[$LATEST]1bb185dd6f0a4a549e17a74b3c0f737f', 'stdout': '', 'exec_time': 12.086343050003052, 'start_time': 1504597080.745124, 'func_key': 'pywren.jobs/187883e5-ab0c-4a0f-a505-470d3261a148/func.json', 'setup_time': 0.13387393951416016, 'runtime_cached': True, 'runtime_s3_bucket_used': 'ericmjonas-public', 'exception': None, 'host_submit_time': 1504597080.492953, 'server_info': {'uname': 'Linux ip-10-21-197-209 4.4.51-40.69.amzn1.x86_64 #1 SMP Sat Aug 12 01:12:36 UTC 2017 x86_64 x86_64 x86_64 GNU/Linux\n', '/proc/self/cgroup': 'MemTotal:        3857664 kB\nMemFree:         1358532 kB\nMemAvailable:    3452104 kB\nBuffers:           37204 kB\nCached:          2116416 kB\nSwapCached:            0 kB\nActive:           390160 kB\nInactive:        1926032 kB\nActive(anon):     162540 kB\nInactive(anon):      112 kB\nActive(file):     227620 kB\nInactive(file):  1925920 kB\nUnevictable:           0 kB\nMlocked:               0 kB\nSwapTotal:             0 kB\nSwapFree:              0 kB\nDirty:              1268 kB\nWriteback:             0 kB\nAnonPages:        162528 kB\nMapped:            43048 kB\nShmem:               124 kB\nSlab:             136680 kB\nSReclaimable:     105312 kB\nSUnreclaim:        31368 kB\nKernelStack:        2352 kB\nPageTables:         3604 kB\nNFS_Unstable:          0 kB\nBounce:                0 kB\nWritebackTmp:          0 kB\nCommitLimit:     1928832 kB\nCommitted_AS:     590312 kB\nVmallocTotal:   34359738367 kB\nVmallocUsed:           0 kB\nVmallocChunk:          0 kB\nAnonHugePages:         0 kB\nHugePages_Total:       0\nHugePages_Free:        0\nHugePages_Rsvd:        0\nHugePages_Surp:        0\nHugepagesize:       2048 kB\nDirectMap4k:       32768 kB\nDirectMap2M:     1802240 kB\nDirectMap1G:     2097152 kB\n', '/proc/cgroups': '#subsys_name\thierarchy\tnum_cgroups\tenabled\ncpuset\t4\t1\t1\ncpu\t2\t4\t1\ncpuacct\t3\t10\t1\nblkio\t1\t1\t1\nmemory\t8\t19\t1\ndevices\t5\t1\t1\nfreezer\t6\t3\t1\nnet_cls\t0\t1\t1\nperf_event\t9\t1\t1\nnet_prio\t0\t1\t1\nhugetlb\t7\t1\t1\npids\t0\t1\t1\n', '/proc/cpuinfo': 'processor\t: 0\nvendor_id\t: GenuineIntel\ncpu family\t: 6\nmodel\t\t: 63\nmodel name\t: Intel(R) Xeon(R) CPU E5-2666 v3 @ 2.90GHz\nstepping\t: 2\nmicrocode\t: 0x36\ncpu MHz\t\t: 2900.054\ncache size\t: 25600 KB\nphysical id\t: 0\nsiblings\t: 2\ncore id\t\t: 0\ncpu cores\t: 1\napicid\t\t: 0\ninitial apicid\t: 0\nfpu\t\t: yes\nfpu_exception\t: yes\ncpuid level\t: 13\nwp\t\t: yes\nflags\t\t: fpu vme de pse tsc msr pae mce cx8 apic sep mtrr pge mca cmov pat pse36 clflush mmx fxsr sse sse2 ht syscall nx pdpe1gb rdtscp lm constant_tsc rep_good nopl xtopology eagerfpu pni pclmulqdq ssse3 fma cx16 pcid sse4_1 sse4_2 x2apic movbe popcnt tsc_deadline_timer aes xsave avx f16c rdrand hypervisor lahf_lm abm fsgsbase bmi1 avx2 smep bmi2 erms invpcid xsaveopt\nbugs\t\t:\nbogomips\t: 5800.10\nclflush size\t: 64\ncache_alignment\t: 64\naddress sizes\t: 46 bits physical, 48 bits virtual\npower management:\n\nprocessor\t: 1\nvendor_id\t: GenuineIntel\ncpu family\t: 6\nmodel\t\t: 63\nmodel name\t: Intel(R) Xeon(R) CPU E5-2666 v3 @ 2.90GHz\nstepping\t: 2\nmicrocode\t: 0x36\ncpu MHz\t\t: 2900.054\ncache size\t: 25600 KB\nphysical id\t: 0\nsiblings\t: 2\ncore id\t\t: 0\ncpu cores\t: 1\napicid\t\t: 1\ninitial apicid\t: 1\nfpu\t\t: yes\nfpu_exception\t: yes\ncpuid level\t: 13\nwp\t\t: yes\nflags\t\t: fpu vme de pse tsc msr pae mce cx8 apic sep mtrr pge mca cmov pat pse36 clflush mmx fxsr sse sse2 ht syscall nx pdpe1gb rdtscp lm constant_tsc rep_good nopl xtopology eagerfpu pni pclmulqdq ssse3 fma cx16 pcid sse4_1 sse4_2 x2apic movbe popcnt tsc_deadline_timer aes xsave avx f16c rdrand hypervisor lahf_lm abm fsgsbase bmi1 avx2 smep bmi2 erms invpcid xsaveopt\nbugs\t\t:\nbogomips\t: 5800.10\nclflush size\t: 64\ncache_alignment\t: 64\naddress sizes\t: 46 bits physical, 48 bits virtual\npower management:\n\n', '/proc/meminfo': 'MemTotal:        3857664 kB\nMemFree:         1358532 kB\nMemAvailable:    3452104 kB\nBuffers:           37204 kB\nCached:          2116416 kB\nSwapCached:            0 kB\nActive:           390160 kB\nInactive:        1926032 kB\nActive(anon):     162540 kB\nInactive(anon):      112 kB\nActive(file):     227620 kB\nInactive(file):  1925920 kB\nUnevictable:           0 kB\nMlocked:               0 kB\nSwapTotal:             0 kB\nSwapFree:              0 kB\nDirty:              1268 kB\nWriteback:             0 kB\nAnonPages:        162528 kB\nMapped:            43048 kB\nShmem:               124 kB\nSlab:             136680 kB\nSReclaimable:     105312 kB\nSUnreclaim:        31368 kB\nKernelStack:        2352 kB\nPageTables:         3604 kB\nNFS_Unstable:          0 kB\nBounce:                0 kB\nWritebackTmp:          0 kB\nCommitLimit:     1928832 kB\nCommitted_AS:     590312 kB\nVmallocTotal:   34359738367 kB\nVmallocUsed:           0 kB\nVmallocChunk:          0 kB\nAnonHugePages:         0 kB\nHugePages_Total:       0\nHugePages_Free:        0\nHugePages_Rsvd:        0\nHugePages_Surp:        0\nHugepagesize:       2048 kB\nDirectMap4k:       32768 kB\nDirectMap2M:     1802240 kB\nDirectMap1G:     2097152 kB\n'}, 'call_id': '00002', 'status_key': 'pywren.jobs/187883e5-ab0c-4a0f-a505-470d3261a148/00002/status.json', 'func_download_time': 0.09384894371032715, 'output_key': 'pywren.jobs/187883e5-ab0c-4a0f-a505-470d3261a148/00002/output.pickle', 'log_group_name': '/aws/lambda/pywren_1', 'data_key': 'pywren.jobs/187883e5-ab0c-4a0f-a505-470d3261a148/aggdata.pickle', 'end_time': 1504597092.965333}, 
{'callset_id': '187883e5-ab0c-4a0f-a505-470d3261a148', 'data_download_time': 0.11815595626831055, 'runtime_s3_key_used': 'b5dfc3-pywren.runtime/pywren_runtime-3.6-default.tar.gz.0000', 'aws_request_id': '24c54e5a-920d-11e7-be95-ff9fe6cd370e', 'log_stream_name': '2017/09/05/[$LATEST]918212941fad437aac15c024cafa0f89', 'stdout': '', 'exec_time': 16.109811067581177, 'start_time': 1504597080.801054, 'func_key': 'pywren.jobs/187883e5-ab0c-4a0f-a505-470d3261a148/func.json', 'setup_time': 0.15536093711853027, 'runtime_cached': True, 'runtime_s3_bucket_used': 'ericmjonas-public', 'exception': None, 'host_submit_time': 1504597080.496108, 'server_info': {'uname': 'Linux ip-10-16-168-40 4.4.51-40.69.amzn1.x86_64 #1 SMP Sat Aug 12 01:12:36 UTC 2017 x86_64 x86_64 x86_64 GNU/Linux\n', '/proc/self/cgroup': 'MemTotal:        3857664 kB\nMemFree:         1384516 kB\nMemAvailable:    3478388 kB\nBuffers:           37368 kB\nCached:          2116460 kB\nSwapCached:            0 kB\nActive:           365052 kB\nInactive:        1925516 kB\nActive(anon):     136708 kB\nInactive(anon):      112 kB\nActive(file):     228344 kB\nInactive(file):  1925404 kB\nUnevictable:           0 kB\nMlocked:               0 kB\nSwapTotal:             0 kB\nSwapFree:              0 kB\nDirty:              1412 kB\nWriteback:             0 kB\nAnonPages:        136688 kB\nMapped:            29448 kB\nShmem:               124 kB\nSlab:             136856 kB\nSReclaimable:     105496 kB\nSUnreclaim:        31360 kB\nKernelStack:        2384 kB\nPageTables:         3288 kB\nNFS_Unstable:          0 kB\nBounce:                0 kB\nWritebackTmp:          0 kB\nCommitLimit:     1928832 kB\nCommitted_AS:     579436 kB\nVmallocTotal:   34359738367 kB\nVmallocUsed:           0 kB\nVmallocChunk:          0 kB\nAnonHugePages:         0 kB\nHugePages_Total:       0\nHugePages_Free:        0\nHugePages_Rsvd:        0\nHugePages_Surp:        0\nHugepagesize:       2048 kB\nDirectMap4k:       26624 kB\nDirectMap2M:     1808384 kB\nDirectMap1G:     2097152 kB\n', '/proc/cgroups': '#subsys_name\thierarchy\tnum_cgroups\tenabled\ncpuset\t4\t1\t1\ncpu\t2\t4\t1\ncpuacct\t3\t10\t1\nblkio\t1\t1\t1\nmemory\t8\t19\t1\ndevices\t5\t1\t1\nfreezer\t6\t3\t1\nnet_cls\t0\t1\t1\nperf_event\t9\t1\t1\nnet_prio\t0\t1\t1\nhugetlb\t7\t1\t1\npids\t0\t1\t1\n', '/proc/cpuinfo': 'processor\t: 0\nvendor_id\t: GenuineIntel\ncpu family\t: 6\nmodel\t\t: 63\nmodel name\t: Intel(R) Xeon(R) CPU E5-2666 v3 @ 2.90GHz\nstepping\t: 2\nmicrocode\t: 0x36\ncpu MHz\t\t: 2900.110\ncache size\t: 25600 KB\nphysical id\t: 0\nsiblings\t: 2\ncore id\t\t: 0\ncpu cores\t: 1\napicid\t\t: 0\ninitial apicid\t: 0\nfpu\t\t: yes\nfpu_exception\t: yes\ncpuid level\t: 13\nwp\t\t: yes\nflags\t\t: fpu vme de pse tsc msr pae mce cx8 apic sep mtrr pge mca cmov pat pse36 clflush mmx fxsr sse sse2 ht syscall nx pdpe1gb rdtscp lm constant_tsc rep_good nopl xtopology eagerfpu pni pclmulqdq ssse3 fma cx16 pcid sse4_1 sse4_2 x2apic movbe popcnt tsc_deadline_timer aes xsave avx f16c rdrand hypervisor lahf_lm abm fsgsbase bmi1 avx2 smep bmi2 erms invpcid xsaveopt\nbugs\t\t:\nbogomips\t: 5800.22\nclflush size\t: 64\ncache_alignment\t: 64\naddress sizes\t: 46 bits physical, 48 bits virtual\npower management:\n\nprocessor\t: 1\nvendor_id\t: GenuineIntel\ncpu family\t: 6\nmodel\t\t: 63\nmodel name\t: Intel(R) Xeon(R) CPU E5-2666 v3 @ 2.90GHz\nstepping\t: 2\nmicrocode\t: 0x36\ncpu MHz\t\t: 2900.110\ncache size\t: 25600 KB\nphysical id\t: 0\nsiblings\t: 2\ncore id\t\t: 0\ncpu cores\t: 1\napicid\t\t: 1\ninitial apicid\t: 1\nfpu\t\t: yes\nfpu_exception\t: yes\ncpuid level\t: 13\nwp\t\t: yes\nflags\t\t: fpu vme de pse tsc msr pae mce cx8 apic sep mtrr pge mca cmov pat pse36 clflush mmx fxsr sse sse2 ht syscall nx pdpe1gb rdtscp lm constant_tsc rep_good nopl xtopology eagerfpu pni pclmulqdq ssse3 fma cx16 pcid sse4_1 sse4_2 x2apic movbe popcnt tsc_deadline_timer aes xsave avx f16c rdrand hypervisor lahf_lm abm fsgsbase bmi1 avx2 smep bmi2 erms invpcid xsaveopt\nbugs\t\t:\nbogomips\t: 5800.22\nclflush size\t: 64\ncache_alignment\t: 64\naddress sizes\t: 46 bits physical, 48 bits virtual\npower management:\n\n', '/proc/meminfo': 'MemTotal:        3857664 kB\nMemFree:         1384516 kB\nMemAvailable:    3478388 kB\nBuffers:           37368 kB\nCached:          2116460 kB\nSwapCached:            0 kB\nActive:           365052 kB\nInactive:        1925516 kB\nActive(anon):     136708 kB\nInactive(anon):      112 kB\nActive(file):     228344 kB\nInactive(file):  1925404 kB\nUnevictable:           0 kB\nMlocked:               0 kB\nSwapTotal:             0 kB\nSwapFree:              0 kB\nDirty:              1412 kB\nWriteback:             0 kB\nAnonPages:        136688 kB\nMapped:            29448 kB\nShmem:               124 kB\nSlab:             136856 kB\nSReclaimable:     105496 kB\nSUnreclaim:        31360 kB\nKernelStack:        2384 kB\nPageTables:         3288 kB\nNFS_Unstable:          0 kB\nBounce:                0 kB\nWritebackTmp:          0 kB\nCommitLimit:     1928832 kB\nCommitted_AS:     579436 kB\nVmallocTotal:   34359738367 kB\nVmallocUsed:           0 kB\nVmallocChunk:          0 kB\nAnonHugePages:         0 kB\nHugePages_Total:       0\nHugePages_Free:        0\nHugePages_Rsvd:        0\nHugePages_Surp:        0\nHugepagesize:       2048 kB\nDirectMap4k:       26624 kB\nDirectMap2M:     1808384 kB\nDirectMap1G:     2097152 kB\n'}, 'call_id': '00003', 'status_key': 'pywren.jobs/187883e5-ab0c-4a0f-a505-470d3261a148/00003/status.json', 'func_download_time': 0.11133909225463867, 'output_key': 'pywren.jobs/187883e5-ab0c-4a0f-a505-470d3261a148/00003/output.pickle', 'log_group_name': '/aws/lambda/pywren_1', 'data_key': 'pywren.jobs/187883e5-ab0c-4a0f-a505-470d3261a148/aggdata.pickle', 'end_time': 1504597097.066209}, 
{'callset_id': '187883e5-ab0c-4a0f-a505-470d3261a148', 'data_download_time': 0.13317203521728516, 'runtime_s3_key_used': 'a31ff7-pywren.runtime/pywren_runtime-3.6-default.tar.gz.0030', 'aws_request_id': '24c6fbf8-920d-11e7-8fca-9706b6defc5b', 'log_stream_name': '2017/09/05/[$LATEST]25657b6906424703a99722096ff3d5d8', 'stdout': '', 'exec_time': 22.1252760887146, 'start_time': 1504597080.80431, 'func_key': 'pywren.jobs/187883e5-ab0c-4a0f-a505-470d3261a148/func.json', 'setup_time': 0.22599482536315918, 'runtime_cached': True, 'runtime_s3_bucket_used': 'ericmjonas-public', 'exception': None, 'host_submit_time': 1504597080.4968882, 'server_info': {'uname': 'Linux ip-10-21-197-209 4.4.51-40.69.amzn1.x86_64 #1 SMP Sat Aug 12 01:12:36 UTC 2017 x86_64 x86_64 x86_64 GNU/Linux\n', '/proc/self/cgroup': 'MemTotal:        3857664 kB\nMemFree:         1384100 kB\nMemAvailable:    3477784 kB\nBuffers:           37236 kB\nCached:          2116524 kB\nSwapCached:            0 kB\nActive:           365800 kB\nInactive:        1925500 kB\nActive(anon):     137508 kB\nInactive(anon):      112 kB\nActive(file):     228292 kB\nInactive(file):  1925388 kB\nUnevictable:           0 kB\nMlocked:               0 kB\nSwapTotal:             0 kB\nSwapFree:              0 kB\nDirty:              1300 kB\nWriteback:             0 kB\nAnonPages:        137496 kB\nMapped:            29776 kB\nShmem:               124 kB\nSlab:             136628 kB\nSReclaimable:     105256 kB\nSUnreclaim:        31372 kB\nKernelStack:        2320 kB\nPageTables:         3272 kB\nNFS_Unstable:          0 kB\nBounce:                0 kB\nWritebackTmp:          0 kB\nCommitLimit:     1928832 kB\nCommitted_AS:     563024 kB\nVmallocTotal:   34359738367 kB\nVmallocUsed:           0 kB\nVmallocChunk:          0 kB\nAnonHugePages:         0 kB\nHugePages_Total:       0\nHugePages_Free:        0\nHugePages_Rsvd:        0\nHugePages_Surp:        0\nHugepagesize:       2048 kB\nDirectMap4k:       32768 kB\nDirectMap2M:     1802240 kB\nDirectMap1G:     2097152 kB\n', '/proc/cgroups': '#subsys_name\thierarchy\tnum_cgroups\tenabled\ncpuset\t4\t1\t1\ncpu\t2\t4\t1\ncpuacct\t3\t10\t1\nblkio\t1\t1\t1\nmemory\t8\t19\t1\ndevices\t5\t1\t1\nfreezer\t6\t3\t1\nnet_cls\t0\t1\t1\nperf_event\t9\t1\t1\nnet_prio\t0\t1\t1\nhugetlb\t7\t1\t1\npids\t0\t1\t1\n', '/proc/cpuinfo': 'processor\t: 0\nvendor_id\t: GenuineIntel\ncpu family\t: 6\nmodel\t\t: 63\nmodel name\t: Intel(R) Xeon(R) CPU E5-2666 v3 @ 2.90GHz\nstepping\t: 2\nmicrocode\t: 0x36\ncpu MHz\t\t: 2900.054\ncache size\t: 25600 KB\nphysical id\t: 0\nsiblings\t: 2\ncore id\t\t: 0\ncpu cores\t: 1\napicid\t\t: 0\ninitial apicid\t: 0\nfpu\t\t: yes\nfpu_exception\t: yes\ncpuid level\t: 13\nwp\t\t: yes\nflags\t\t: fpu vme de pse tsc msr pae mce cx8 apic sep mtrr pge mca cmov pat pse36 clflush mmx fxsr sse sse2 ht syscall nx pdpe1gb rdtscp lm constant_tsc rep_good nopl xtopology eagerfpu pni pclmulqdq ssse3 fma cx16 pcid sse4_1 sse4_2 x2apic movbe popcnt tsc_deadline_timer aes xsave avx f16c rdrand hypervisor lahf_lm abm fsgsbase bmi1 avx2 smep bmi2 erms invpcid xsaveopt\nbugs\t\t:\nbogomips\t: 5800.10\nclflush size\t: 64\ncache_alignment\t: 64\naddress sizes\t: 46 bits physical, 48 bits virtual\npower management:\n\nprocessor\t: 1\nvendor_id\t: GenuineIntel\ncpu family\t: 6\nmodel\t\t: 63\nmodel name\t: Intel(R) Xeon(R) CPU E5-2666 v3 @ 2.90GHz\nstepping\t: 2\nmicrocode\t: 0x36\ncpu MHz\t\t: 2900.054\ncache size\t: 25600 KB\nphysical id\t: 0\nsiblings\t: 2\ncore id\t\t: 0\ncpu cores\t: 1\napicid\t\t: 1\ninitial apicid\t: 1\nfpu\t\t: yes\nfpu_exception\t: yes\ncpuid level\t: 13\nwp\t\t: yes\nflags\t\t: fpu vme de pse tsc msr pae mce cx8 apic sep mtrr pge mca cmov pat pse36 clflush mmx fxsr sse sse2 ht syscall nx pdpe1gb rdtscp lm constant_tsc rep_good nopl xtopology eagerfpu pni pclmulqdq ssse3 fma cx16 pcid sse4_1 sse4_2 x2apic movbe popcnt tsc_deadline_timer aes xsave avx f16c rdrand hypervisor lahf_lm abm fsgsbase bmi1 avx2 smep bmi2 erms invpcid xsaveopt\nbugs\t\t:\nbogomips\t: 5800.10\nclflush size\t: 64\ncache_alignment\t: 64\naddress sizes\t: 46 bits physical, 48 bits virtual\npower management:\n\n', '/proc/meminfo': 'MemTotal:        3857664 kB\nMemFree:         1384100 kB\nMemAvailable:    3477784 kB\nBuffers:           37236 kB\nCached:          2116524 kB\nSwapCached:            0 kB\nActive:           365800 kB\nInactive:        1925500 kB\nActive(anon):     137508 kB\nInactive(anon):      112 kB\nActive(file):     228292 kB\nInactive(file):  1925388 kB\nUnevictable:           0 kB\nMlocked:               0 kB\nSwapTotal:             0 kB\nSwapFree:              0 kB\nDirty:              1300 kB\nWriteback:             0 kB\nAnonPages:        137496 kB\nMapped:            29776 kB\nShmem:               124 kB\nSlab:             136628 kB\nSReclaimable:     105256 kB\nSUnreclaim:        31372 kB\nKernelStack:        2320 kB\nPageTables:         3272 kB\nNFS_Unstable:          0 kB\nBounce:                0 kB\nWritebackTmp:          0 kB\nCommitLimit:     1928832 kB\nCommitted_AS:     563024 kB\nVmallocTotal:   34359738367 kB\nVmallocUsed:           0 kB\nVmallocChunk:          0 kB\nAnonHugePages:         0 kB\nHugePages_Total:       0\nHugePages_Free:        0\nHugePages_Rsvd:        0\nHugePages_Surp:        0\nHugepagesize:       2048 kB\nDirectMap4k:       32768 kB\nDirectMap2M:     1802240 kB\nDirectMap1G:     2097152 kB\n'}, 'call_id': '00004', 'status_key': 'pywren.jobs/187883e5-ab0c-4a0f-a505-470d3261a148/00004/status.json', 'func_download_time': 0.12341499328613281, 'output_key': 'pywren.jobs/187883e5-ab0c-4a0f-a505-470d3261a148/00004/output.pickle', 'log_group_name': '/aws/lambda/pywren_1', 'data_key': 'pywren.jobs/187883e5-ab0c-4a0f-a505-470d3261a148/aggdata.pickle', 'end_time': 1504597103.155574}]
